## adopt residual freeze transition event
## main...origin/main
 M events.jsonl
 events.jsonl | 1 +
 1 file changed, 1 insertion(+)
[main bc19cf0235] chore: record sync convergence freeze transition
 1 file changed, 1 insertion(+)
head_before=7239acd4e023d178a4848bcadd46b87f8c84ad28
head_after=bc19cf0235816c8b8e9baaacd93cb79b4313905e
To github.com:DraconDev/dracon-home.git
   7239acd4e0..bc19cf0235  main -> main
github=bc19cf0235816c8b8e9baaacd93cb79b4313905e
remote:
remote: ========================================================================
remote:
remote:     You have reached the free storage limit of 10 GiB on one or more
remote:      projects. To unlock your projects over the free 10 GiB project
remote:   limit, you must purchase additional storage. You can't push to your
remote:     repository, create pipelines, create issues, or add comments. To
remote:       reduce storage capacity, you can delete unused repositories,
remote:                 artifacts, wikis, issues, and pipelines.
remote:
remote: ========================================================================
remote:
To gitlab.com:DraconDev/dracon-home.git
   7239acd4e0..bc19cf0235  main -> main
gitlab=bc19cf0235816c8b8e9baaacd93cb79b4313905e
Everything up-to-date
origin=bc19cf0235816c8b8e9baaacd93cb79b4313905e
## main...origin/main
