   Compiling unicode-ident v1.0.26
    Checking cfg-if v1.0.5
    Checking pin-project-lite v0.2.17
    Checking typenum v1.20.1
    Checking futures-core v0.3.34
    Checking smallvec v1.16.1
    Checking stable_deref_trait v1.2.1
    Checking memchr v2.8.3
    Checking subtle v2.6.1
    Checking libc v0.2.189
    Checking futures-io v0.3.34
   Compiling serde_core v1.0.229
    Checking scopeguard v1.2.0
    Checking slab v0.4.12
    Checking bitflags v2.13.2
    Checking futures-sink v0.3.34
    Checking bytes v1.12.1
    Checking lock_api v0.4.14
    Checking crossbeam-utils v0.8.23
    Checking once_cell v1.21.4
   Compiling proc-macro2 v1.0.107
    Checking futures-channel v0.3.34
    Checking itoa v1.0.18
    Checking futures-task v0.3.34
    Checking parking v2.2.1
    Checking log v0.4.34
   Compiling winnow v1.0.4
    Checking cpufeatures v0.2.17
    Checking linux-raw-sys v0.12.1
    Checking fastrand v2.5.0
    Checking generic-array v0.14.7
    Checking writeable v0.6.4
   Compiling equivalent v1.0.2
   Compiling hashbrown v0.17.1
    Checking litemap v0.8.3
    Checking percent-encoding v2.3.2
    Checking atomic-waker v1.1.2
    Checking utf8_iter v1.0.4
    Checking tracing-core v0.1.36
    Checking icu_normalizer_data v2.3.0
    Checking icu_properties_data v2.3.0
    Checking concurrent-queue v2.5.0
   Compiling quote v1.0.47
   Compiling jobserver v0.1.35
    Checking indexmap v2.14.2
    Checking event-listener v5.4.2
    Checking block-buffer v0.10.4
    Checking inout v0.1.4
   Compiling const-oid v0.10.2
    Checking futures-lite v2.6.1
    Checking getrandom v0.2.17
   Compiling syn v3.0.6
   Compiling syn v2.0.119
   Compiling cc v1.4.7
    Checking rand_core v0.6.4
    Checking parking_lot_core v0.9.12
    Checking errno v0.3.14
    Checking mio v1.2.3
    Checking socket2 v0.6.5
    Checking rustix v1.1.5
    Checking signal-hook-registry v1.4.8
    Checking http v1.5.0
    Checking crypto-common v0.1.7
    Checking parking_lot v0.12.5
    Checking digest v0.10.7
   Compiling hybrid-array v0.4.15
   Compiling toml_parser v1.1.3+spec-1.1.0
    Checking event-listener-strategy v0.5.4
   Compiling cpufeatures v0.3.1
   Compiling same-file v1.0.6
    Checking minimal-lexical v0.2.1
    Checking getrandom v0.4.3
   Compiling crypto-common v0.2.2
   Compiling block-buffer v0.12.1
   Compiling walkdir v2.5.0
    Checking form_urlencoded v1.2.2
    Checking base64 v0.22.1
   Compiling mime v0.3.17
    Checking foreign-types-shared v0.1.1
    Checking tower-service v0.3.3
    Checking fnv v1.0.7
    Checking try-lock v0.2.5
    Checking untrusted v0.9.0
    Checking want v0.3.1
   Compiling mime_guess v2.0.5
    Checking foreign-types v0.3.2
    Checking httparse v1.10.1
   Compiling toml_edit v0.25.15+spec-1.1.0
    Checking universal-hash v0.5.1
    Checking nom v7.1.3
    Checking async-task v4.7.1
   Compiling rustc-hash v2.1.3
   Compiling endi v1.1.1
    Checking opaque-debug v0.3.1
   Compiling type-map v0.5.1
    Checking crossbeam-epoch v0.9.21
    Checking http-body v1.1.0
    Checking zmij v1.0.23
    Checking uuid v1.26.1
   Compiling digest v0.11.3
    Checking async-channel v2.5.0
   Compiling self_cell v1.3.0
    Checking option-ext v0.2.0
    Checking openssl-probe v0.2.1
    Checking arrayvec v0.7.8
   Compiling sha2 v0.11.0
    Checking utf8parse v0.2.2
    Checking ipnet v2.12.2
    Checking dirs-sys v0.5.0
    Checking anstyle-parse v1.0.0
    Checking vte v0.14.1
    Checking crossbeam-deque v0.8.8
   Compiling self_cell v0.10.3
   Compiling synstructure v0.14.0
    Checking serde_json v1.0.151
    Checking anyhow v1.0.104
    Checking zerocopy v0.8.57
    Checking async-lock v3.4.2
    Checking hmac v0.12.1
    Checking piper v0.2.5
    Checking aho-corasick v1.1.5
   Compiling proc-macro-crate v3.5.0
    Checking sync_wrapper v1.0.2
   Compiling rust-embed-utils v8.12.0
    Checking tower-layer v0.3.3
   Compiling rustc-hash v1.1.0
    Checking regex-syntax v0.8.11
    Checking anstyle-query v1.1.5
    Checking anstyle v1.0.14
    Checking colorchoice v1.0.5
    Checking is_terminal_polyfill v1.70.2
    Checking blocking v1.7.0
    Checking rayon-core v1.13.0
    Checking anstream v1.0.0
    Checking dirs v6.0.0
    Checking ansitok v0.3.0
    Checking async-executor v1.14.0
    Checking http-body-util v0.1.5
    Checking async-broadcast v0.7.2
    Checking sha2 v0.10.9
    Checking aead v0.5.2
    Checking ordered-stream v0.2.0
    Checking toml_write v0.1.2
   Compiling openssl-sys v0.9.117
   Compiling libz-sys v1.1.29
   Compiling ring v0.17.14
   Compiling libssh2-sys v0.3.3
   Compiling libgit2-sys v0.18.8+1.9.7
    Checking simdutf8 v0.1.5
    Checking clap_lex v1.1.1
    Checking winnow v0.7.15
    Checking strsim v0.11.1
    Checking core_detect v1.0.0
    Checking unicode-width v0.2.2
    Checking hex v0.4.3
    Checking ryu v1.0.23
    Checking either v1.18.0
    Checking clap_builder v4.6.7
    Checking ansi-str v0.9.0
   Compiling proc-macro-error-attr v1.0.4
   Compiling syn v1.0.109
    Checking rayon v1.12.0
    Checking console v0.16.6
    Checking poly1305 v0.8.0
   Compiling openssl v0.10.81
   Compiling native-tls v0.2.18
   Compiling num-traits v0.2.19
   Compiling arc-swap v1.9.2
    Checking unicode-segmentation v1.13.3
   Compiling lazy_static v1.5.0
   Compiling proc-macro-error v1.0.4
    Checking polling v3.11.0
    Checking crossterm v0.29.0
    Checking hkdf v0.12.4
    Checking regex-automata v0.4.18
   Compiling dashmap v5.5.3
    Checking pbkdf2 v0.12.2
    Checking async-io v2.6.0
    Checking polyval v0.6.2
    Checking io_tee v0.1.1
    Checking signature v2.2.0
    Checking base64 v0.21.7
    Checking openssl-probe v0.1.6
    Checking ghash v0.5.1
   Compiling serde_derive v1.0.229
   Compiling displaydoc v0.2.7
   Compiling zerofrom-derive v0.1.8
   Compiling yoke-derive v0.8.3
   Compiling zerovec-derive v0.11.6
   Compiling tokio-macros v2.7.2
   Compiling futures-macro v0.3.34
    Checking async-signal v0.2.14
   Compiling multiversion-macros v0.9.0
    Checking async-process v2.5.0
    Checking ppv-lite86 v0.2.21
   Compiling async-trait v0.1.92
   Compiling serde_repr v0.1.21
   Compiling clap_derive v4.6.7
    Checking tokio v1.53.1
    Checking regex v1.13.1
    Checking futures-util v0.3.34
    Checking rand_chacha v0.3.1
   Compiling tinystr v0.8.4
    Checking comfy-table v7.2.2
    Checking ed25519 v2.2.3
    Checking bstr v1.13.1
    Checking rand v0.8.8
    Checking multiversion v0.9.0
    Checking bech32 v0.9.1
    Checking encoding_rs v0.8.41
    Checking iana-time-zone v0.1.65
    Checking sysinfo v0.32.1
    Checking terminal_size v0.4.4
    Checking chrono v0.4.45
    Checking bech32 v0.11.1
    Checking globset v0.4.20
    Checking zerofrom v0.1.8
    Checking urlencoding v2.1.3
    Checking yoke v0.8.3
    Checking tempfile v3.27.0
    Checking hostname v0.4.2
    Checking fs2 v0.4.3
    Checking zerovec v0.11.8
    Checking zerotrie v0.2.5
   Compiling zeroize_derive v1.5.0
   Compiling thiserror-impl v1.0.69
   Compiling tracing-attributes v0.1.31
   Compiling enumflags2_derive v0.7.12
   Compiling openssl-macros v0.1.1
   Compiling rust-embed-impl v8.12.0
   Compiling async-recursion v1.1.1
   Compiling curve25519-dalek-derive v0.1.1
    Checking clap v4.6.7
   Compiling pin-project-internal v1.1.13
   Compiling serde v1.0.229
    Checking zeroize v1.9.0
    Checking cipher v0.4.4
    Checking potential_utf v0.1.6
    Checking rustls-pki-types v1.15.1
    Checking zvariant_utils v4.2.0
    Checking icu_collections v2.3.0
    Checking tokio-util v0.7.19
    Checking icu_locale_core v2.3.0
    Checking unic-langid-impl v0.9.6
    Checking enumflags2 v0.7.12
    Checking zcheapstr v1.1.0
    Checking unic-langid v0.9.6
    Checking serde_spanned v0.6.9
    Checking toml_datetime v0.6.11
    Checking fluent-langneg v0.13.1
    Checking tracing v0.1.44
    Checking intl-memoizer v0.5.3
    Checking webpki-roots v1.0.9
    Checking intl_pluralrules v7.0.2
    Checking toml_edit v0.22.27
    Checking curve25519-dalek v4.1.3
   Compiling rustls v0.23.45
   Compiling thiserror v1.0.69
   Compiling basic-toml v0.1.10
   Compiling toml v0.5.11
   Compiling fluent-syntax v0.11.1
    Checking h2 v0.4.19
    Checking icu_provider v2.3.1
    Checking chacha20 v0.9.1
   Compiling i18n-config v0.4.8
    Checking icu_normalizer v2.3.0
    Checking icu_properties v2.3.0
    Checking fluent-bundle v0.15.3
   Compiling zvariant_derive v5.15.0
    Checking serde_urlencoded v0.7.1
   Compiling rust-embed v8.12.0
    Checking chacha20poly1305 v0.10.1
    Checking salsa20 v0.10.2
    Checking secrecy v0.8.0
    Checking fluent v0.16.1
    Checking scrypt v0.11.0
   Compiling find-crate v0.6.3
    Checking pin-project v1.1.13
    Checking aes v0.8.4
    Checking x25519-dalek v2.0.1
    Checking ctr v0.9.2
    Checking ed25519-dalek v2.2.0
   Compiling zvariant v5.15.0
    Checking rustls-webpki v0.103.15
    Checking futures-executor v0.3.34
    Checking tower v0.5.3
    Checking aes-gcm v0.10.3
   Compiling i18n-embed-impl v0.8.4
    Checking futures v0.3.34
    Checking toml v0.8.23
    Checking cookie-factory v0.3.3
    Checking idna_adapter v1.2.2
    Checking idna v1.1.0
   Compiling i18n-embed v0.14.1
   Compiling zbus_names v4.3.4
    Checking age-core v0.10.0
    Checking url v2.5.8
    Checking tokio-native-tls v0.3.1
   Compiling zbus_macros v5.19.0
    Checking ssh2 v0.9.6
    Checking tower-http v0.6.11
   Compiling i18n-embed-fl v0.7.0
    Checking hyper v1.11.1
    Checking hyper-util v0.1.20
    Checking age v0.10.1
    Checking hyper-tls v0.6.0
    Checking dracon-security v0.3.7 (/home/dracon/Dev/dracon-utilities/dracon-warden/src/security)
    Checking zbus v5.19.0
    Checking tokio-rustls v0.26.5
    Checking dracon-warden v0.113.14 (/home/dracon/Dev/dracon-utilities/dracon-warden)
    Checking hyper-rustls v0.27.9
    Checking reqwest v0.12.28
    Checking git2 v0.21.0
    Checking notify-rust v4.18.0
    Checking dracon-system-lib v94.2.7
    Checking dracon-git v94.7.2
    Checking dracon-system v0.112.41 (/home/dracon/Dev/dracon-utilities/dracon-system)
    Checking dracon-sync v0.113.85 (/home/dracon/Dev/dracon-utilities/dracon-sync)
    Finished `dev` profile [unoptimized + debuginfo] target(s) in 1m 20s
