   Compiling proc-macro2 v1.0.107
   Compiling quote v1.0.47
   Compiling unicode-ident v1.0.26
   Compiling libc v0.2.189
   Compiling cfg-if v1.0.5
   Compiling serde_core v1.0.229
   Compiling serde v1.0.229
   Compiling pin-project-lite v0.2.17
   Compiling version_check v0.9.5
   Compiling typenum v1.20.1
   Compiling shlex v2.0.1
   Compiling futures-core v0.3.34
   Compiling find-msvc-tools v0.1.13
   Compiling parking_lot_core v0.9.12
   Compiling smallvec v1.16.1
   Compiling stable_deref_trait v1.2.1
   Compiling memchr v2.8.3
   Compiling subtle v2.6.1
   Compiling scopeguard v1.2.0
   Compiling futures-io v0.3.34
   Compiling slab v0.4.12
   Compiling pkg-config v0.3.34
   Compiling lock_api v0.4.14
   Compiling bitflags v2.13.2
   Compiling vcpkg v0.2.15
   Compiling generic-array v0.14.7
   Compiling crossbeam-utils v0.8.23
   Compiling futures-sink v0.3.34
   Compiling bytes v1.12.1
   Compiling thiserror v1.0.69
   Compiling rustversion v1.0.23
   Compiling futures-channel v0.3.34
   Compiling once_cell v1.21.4
   Compiling itoa v1.0.18
   Compiling futures-task v0.3.34
   Compiling parking v2.2.1
   Compiling rustix v1.1.5
   Compiling cpufeatures v0.2.17
   Compiling winnow v1.0.4
   Compiling autocfg v1.5.1
   Compiling linux-raw-sys v0.12.1
   Compiling log v0.4.34
   Compiling equivalent v1.0.2
   Compiling hashbrown v0.17.1
   Compiling litemap v0.8.3
   Compiling syn v3.0.6
   Compiling syn v2.0.119
   Compiling fastrand v2.5.0
   Compiling writeable v0.6.4
   Compiling icu_properties_data v2.3.0
   Compiling getrandom v0.2.17
   Compiling errno v0.3.14
   Compiling mio v1.2.3
   Compiling rand_core v0.6.4
   Compiling socket2 v0.6.5
   Compiling signal-hook-registry v1.4.8
   Compiling parking_lot v0.12.5
   Compiling indexmap v2.14.2
   Compiling percent-encoding v2.3.2
   Compiling atomic-waker v1.1.2
   Compiling crypto-common v0.1.7
   Compiling utf8_iter v1.0.4
   Compiling icu_normalizer_data v2.3.0
   Compiling toml_datetime v1.1.1+spec-1.1.0
   Compiling block-buffer v0.10.4
   Compiling http v1.5.0
   Compiling tracing-core v0.1.36
   Compiling digest v0.10.7
   Compiling inout v0.1.4
   Compiling concurrent-queue v2.5.0
   Compiling event-listener v5.4.2
   Compiling getrandom v0.4.3
   Compiling jobserver v0.1.35
   Compiling toml_parser v1.1.3+spec-1.1.0
   Compiling const-oid v0.10.2
   Compiling unicase v2.9.0
   Compiling event-listener-strategy v0.5.4
   Compiling cc v1.4.7
   Compiling http-body v1.1.0
   Compiling futures-lite v2.6.1
   Compiling mime_guess v2.0.5
   Compiling minimal-lexical v0.2.1
   Compiling same-file v1.0.6
   Compiling httparse v1.10.1
   Compiling cpufeatures v0.3.1
   Compiling hybrid-array v0.4.15
   Compiling walkdir v2.5.0
   Compiling toml_edit v0.25.15+spec-1.1.0
   Compiling nom v7.1.3
   Compiling form_urlencoded v1.2.2
   Compiling async-io v2.6.0
   Compiling openssl v0.10.81
   Compiling crossbeam-epoch v0.9.21
   Compiling zmij v1.0.23
   Compiling mime v0.3.17
   Compiling base64 v0.22.1
   Compiling block-buffer v0.12.1
   Compiling crypto-common v0.2.2
   Compiling tower-service v0.3.3
   Compiling try-lock v0.2.5
   Compiling proc-macro-crate v3.5.0
   Compiling untrusted v0.9.0
   Compiling foreign-types-shared v0.1.1
   Compiling fnv v1.0.7
   Compiling foreign-types v0.3.2
   Compiling want v0.3.1
   Compiling openssl-sys v0.9.117
   Compiling libz-sys v1.1.29
   Compiling ring v0.17.14
   Compiling libssh2-sys v0.3.3
   Compiling universal-hash v0.5.1
   Compiling endi v1.1.1
   Compiling rustc-hash v2.1.3
   Compiling opaque-debug v0.3.1
   Compiling native-tls v0.2.18
   Compiling crossbeam-deque v0.8.8
   Compiling rustls v0.23.45
   Compiling semver v1.0.28
   Compiling async-task v4.7.1
   Compiling anyhow v1.0.104
   Compiling zerocopy v0.8.57
   Compiling serde_json v1.0.151
   Compiling rustc_version v0.4.1
   Compiling digest v0.11.3
   Compiling type-map v0.5.1
   Compiling sha2 v0.11.0
   Compiling uuid v1.26.1
   Compiling async-channel v2.5.0
   Compiling openssl-probe v0.2.1
   Compiling rayon-core v1.13.0
   Compiling self_cell v1.3.0
   Compiling option-ext v0.2.0
   Compiling utf8parse v0.2.2
   Compiling arrayvec v0.7.8
   Compiling ipnet v2.12.2
   Compiling dirs-sys v0.5.0
   Compiling anstyle-parse v1.0.0
   Compiling self_cell v0.10.3
   Compiling synstructure v0.14.0
   Compiling vte v0.14.1
   Compiling curve25519-dalek v4.1.3
   Compiling async-lock v3.4.2
   Compiling polling v3.11.0
   Compiling hmac v0.12.1
   Compiling piper v0.2.5
   Compiling rust-embed-utils v8.12.0
   Compiling encoding_rs v0.8.41
   Compiling aho-corasick v1.1.5
   Compiling proc-macro-error-attr v1.0.4
   Compiling sync_wrapper v1.0.2
   Compiling anstyle-query v1.1.5
   Compiling colorchoice v1.0.5
   Compiling tower-layer v0.3.3
   Compiling litrs v1.0.0
   Compiling anstyle v1.0.14
   Compiling syn v1.0.109
   Compiling is_terminal_polyfill v1.70.2
   Compiling regex-syntax v0.8.11
   Compiling rustc-hash v1.1.0
   Compiling anstream v1.0.0
   Compiling zeroize_derive v1.5.0
   Compiling thiserror-impl v1.0.69
   Compiling tracing-attributes v0.1.31
   Compiling enumflags2_derive v0.7.12
   Compiling openssl-macros v0.1.1
   Compiling rust-embed-impl v8.12.0
   Compiling serde_derive v1.0.229
   Compiling displaydoc v0.2.7
   Compiling zerofrom-derive v0.1.8
   Compiling yoke-derive v0.8.3
   Compiling zerovec-derive v0.11.6
   Compiling zeroize v1.9.0
   Compiling tokio-macros v2.7.2
   Compiling futures-macro v0.3.34
   Compiling cipher v0.4.4
   Compiling tinystr v0.8.4
   Compiling rustls-pki-types v1.15.1
   Compiling fluent-syntax v0.11.1
   Compiling tokio v1.53.1
   Compiling multiversion-macros v0.9.0
   Compiling async-signal v0.2.14
   Compiling tracing v0.1.44
   Compiling webpki-roots v1.0.9
   Compiling async-process v2.5.0
   Compiling regex-automata v0.4.18
   Compiling serde_repr v0.1.21
   Compiling zerofrom v0.1.8
   Compiling async-trait v0.1.92
   Compiling yoke v0.8.3
   Compiling futures-util v0.3.34
   Compiling zerovec v0.11.8
   Compiling zerotrie v0.2.5
   Compiling multiversion v0.9.0
   Compiling ppv-lite86 v0.2.21
   Compiling document-features v0.2.12
   Compiling curve25519-dalek-derive v0.1.1
   Compiling async-recursion v1.1.1
   Compiling blocking v1.7.0
   Compiling ansitok v0.3.0
   Compiling unic-langid-impl v0.9.6
   Compiling zvariant_utils v4.2.0
   Compiling unic-langid v0.9.6
   Compiling enumflags2 v0.7.12
   Compiling zcheapstr v1.1.0
   Compiling basic-toml v0.1.10
   Compiling potential_utf v0.1.6
   Compiling icu_locale_core v2.3.0
   Compiling icu_collections v2.3.0
   Compiling toml v0.5.11
   Compiling intl_pluralrules v7.0.2
   Compiling fluent-langneg v0.13.1
   Compiling i18n-config v0.4.8
   Compiling intl-memoizer v0.5.3
   Compiling icu_provider v2.3.1
   Compiling find-crate v0.6.3
   Compiling fluent-bundle v0.15.3
   Compiling futures-executor v0.3.34
   Compiling zvariant_derive v5.15.0
   Compiling icu_normalizer v2.3.0
   Compiling icu_properties v2.3.0
   Compiling futures v0.3.34
   Compiling serde_spanned v0.6.9
   Compiling toml_datetime v0.6.11
   Compiling dirs v6.0.0
   Compiling async-executor v1.14.0
   Compiling libgit2-sys v0.18.8+1.9.7
   Compiling i18n-embed-impl v0.8.4
   Compiling http-body-util v0.1.5
   Compiling async-broadcast v0.7.2
   Compiling zvariant v5.15.0
   Compiling sha2 v0.10.9
   Compiling aead v0.5.2
   Compiling proc-macro-error v1.0.4
   Compiling ordered-stream v0.2.0
   Compiling hex v0.4.3
   Compiling winnow v0.7.15
   Compiling simdutf8 v0.1.5
   Compiling unicode-width v0.2.2
   Compiling heck v0.5.0
   Compiling idna_adapter v1.2.2
   Compiling multiversion_no_op v1.0.0
   Compiling toml_write v0.1.2
   Compiling idna v1.1.0
   Compiling strsim v0.11.1
   Compiling either v1.18.0
   Compiling clap_lex v1.1.1
   Compiling core_detect v1.0.0
   Compiling ryu v1.0.23
   Compiling console v0.16.6
   Compiling clap_derive v4.6.7
   Compiling rayon v1.12.0
   Compiling serde_urlencoded v0.7.1
   Compiling clap_builder v4.6.7
   Compiling url v2.5.8
   Compiling zbus_names v4.3.4
   Compiling tokio-util v0.7.19
   Compiling tokio-native-tls v0.3.1
   Compiling h2 v0.4.19
   Compiling tower v0.5.3
   Compiling toml_edit v0.22.27
   Compiling fluent v0.16.1
   Compiling zbus_macros v5.19.0
   Compiling ansi-str v0.9.0
   Compiling crossterm v0.29.0
   Compiling rand_chacha v0.3.1
   Compiling chacha20 v0.9.1
   Compiling rust-embed v8.12.0
   Compiling tower-http v0.6.11
   Compiling poly1305 v0.8.0
   Compiling arc-swap v1.9.2
   Compiling num-traits v0.2.19
   Compiling lazy_static v1.5.0
   Compiling unicode-segmentation v1.13.3
   Compiling hashbrown v0.14.5
   Compiling i18n-embed v0.14.1
   Compiling clap v4.6.7
   Compiling chacha20poly1305 v0.10.1
   Compiling rand v0.8.8
   Compiling comfy-table v7.2.2
   Compiling cookie-factory v0.3.3
   Compiling regex v1.13.1
   Compiling secrecy v0.8.0
   Compiling salsa20 v0.10.2
   Compiling pin-project-internal v1.1.13
   Compiling hkdf v0.12.4
   Compiling pbkdf2 v0.12.2
   Compiling toml v0.8.23
   Compiling polyval v0.6.2
   Compiling dashmap v5.5.3
   Compiling strsim v0.10.0
   Compiling io_tee v0.1.1
   Compiling signature v2.2.0
   Compiling base64 v0.21.7
   Compiling openssl-probe v0.1.6
   Compiling ed25519 v2.2.3
   Compiling i18n-embed-fl v0.7.0
   Compiling age-core v0.10.0
   Compiling ghash v0.5.1
   Compiling hyper v1.11.1
   Compiling scrypt v0.11.0
   Compiling x25519-dalek v2.0.1
   Compiling ctr v0.9.2
   Compiling aes v0.8.4
   Compiling bstr v1.13.1
   Compiling pin-project v1.1.13
   Compiling iana-time-zone v0.1.65
   Compiling bech32 v0.9.1
   Compiling ed25519-dalek v2.2.0
   Compiling aes-gcm v0.10.3
   Compiling sysinfo v0.32.1
   Compiling age v0.10.1
   Compiling terminal_size v0.4.4
   Compiling urlencoding v2.1.3
   Compiling bech32 v0.11.1
   Compiling zbus v5.19.0
   Compiling hyper-util v0.1.20
   Compiling chrono v0.4.45
   Compiling globset v0.4.20
   Compiling tempfile v3.27.0
   Compiling rustls-webpki v0.103.15
   Compiling hostname v0.4.2
   Compiling fs2 v0.4.3
   Compiling dracon-security v0.3.7 (/home/dracon/Dev/dracon-utilities/dracon-warden/src/security)
   Compiling hyper-tls v0.6.0
   Compiling ssh2 v0.9.6
   Compiling notify-rust v4.18.0
   Compiling tokio-rustls v0.26.5
   Compiling hyper-rustls v0.27.9
   Compiling reqwest v0.12.28
   Compiling dracon-system-lib v94.2.7
   Compiling dracon-warden v0.113.14 (/home/dracon/Dev/dracon-utilities/dracon-warden)
   Compiling git2 v0.21.0
   Compiling dracon-git v94.7.2
   Compiling dracon-sync v0.113.85 (/home/dracon/Dev/dracon-utilities/dracon-sync)
   Compiling dracon-system v0.112.41 (/home/dracon/Dev/dracon-utilities/dracon-system)
    Finished `release` profile [optimized] target(s) in 4m 35s
