transaction 1/5: quiescence observation 1: stable=1/3 elapsed=2s
transaction 1/5: quiescence observation 2: stable=1/3 elapsed=15s
transaction 1/5: quiescence observation 3: stable=1/3 elapsed=31s
transaction 1/5: quiescence observation 4: stable=1/3 elapsed=51s
transaction 1/5: quiescence observation 5: stable=1/3 elapsed=72s
transaction 1/5: quiescence observation 6: stable=1/3 elapsed=101s
transaction 1/5: quiescence observation 7: stable=1/3 elapsed=126s
transaction 1/5: quiescence observation 8: stable=2/3 elapsed=140s
transaction 1/5: quiescence observation 9: stable=3/3 elapsed=152s
transaction 1/5: quiescence observation 10: stable=1/3 elapsed=181s
transaction 1/5: quiescence observation 11: stable=1/3 elapsed=193s
transaction 1/5: quiescence observation 12: stable=1/3 elapsed=208s
transaction 1/5: quiescence observation 13: stable=1/3 elapsed=220s
transaction 1/5: quiescence observation 14: stable=1/3 elapsed=232s
transaction 1/5: quiescence observation 15: stable=1/3 elapsed=246s
transaction 1/5: quiescence observation 16: stable=1/3 elapsed=259s
transaction 1/5: quiescence observation 17: stable=1/3 elapsed=272s
transaction 1/5: quiescence observation 18: stable=1/3 elapsed=284s
transaction 1/5: quiescence observation 19: stable=1/3 elapsed=297s
transaction 1/5: quiescence observation 20: stable=1/3 elapsed=309s
transaction 1/5: quiescence observation 21: stable=1/3 elapsed=322s
transaction 1/5: quiescence observation 22: stable=1/3 elapsed=339s
transaction 1/5: quiescence observation 23: stable=1/3 elapsed=352s
transaction 1/5: quiescence observation 24: stable=1/3 elapsed=363s
transaction 1/5: quiescence observation 25: stable=1/3 elapsed=375s
transaction 1/5: quiescence observation 26: stable=2/3 elapsed=386s
transaction 1/5: quiescence observation 27: stable=1/3 elapsed=397s
transaction 1/5: quiescence observation 28: stable=1/3 elapsed=409s
transaction 1/5: quiescence observation 29: stable=1/3 elapsed=421s
transaction 1/5: quiescence observation 30: stable=2/3 elapsed=432s
transaction 1/5: quiescence observation 31: stable=1/3 elapsed=445s
transaction 1/5: quiescence observation 32: stable=1/3 elapsed=457s
transaction 1/5: quiescence observation 33: stable=1/3 elapsed=469s
transaction 1/5: quiescence observation 34: stable=1/3 elapsed=486s
transaction 1/5: quiescence observation 35: stable=1/3 elapsed=499s
transaction 1/5: quiescence observation 36: stable=1/3 elapsed=512s
transaction 1/5: quiescence observation 37: stable=2/3 elapsed=525s
transaction 1/5: quiescence observation 38: stable=3/3 elapsed=537s
transaction 1/5: quiescence observation 39: stable=1/3 elapsed=564s
transaction 1/5: quiescence observation 40: stable=1/3 elapsed=576s
transaction 1/5: quiescence observation 41: stable=1/3 elapsed=588s
transaction 1/5: quiescence observation 42: stable=1/3 elapsed=600s
transaction 1/5: quiescence observation 43: stable=1/3 elapsed=612s
transaction 1/5: quiescence observation 44: stable=2/3 elapsed=625s
transaction 1/5: quiescence observation 45: stable=1/3 elapsed=636s
transaction 1/5: quiescence observation 46: stable=1/3 elapsed=648s
transaction 1/5: quiescence observation 47: stable=1/3 elapsed=667s
transaction 1/5: quiescence observation 48: stable=1/3 elapsed=686s
transaction 1/5: quiescence observation 49: stable=2/3 elapsed=698s
transaction 1/5: quiescence observation 50: stable=1/3 elapsed=709s
transaction 1/5: quiescence observation 51: stable=1/3 elapsed=722s
transaction 1/5: quiescence observation 52: stable=1/3 elapsed=737s
transaction 1/5: quiescence observation 53: stable=1/3 elapsed=762s
transaction 1/5: quiescence observation 54: stable=1/3 elapsed=774s
transaction 1/5: quiescence observation 55: stable=1/3 elapsed=787s
transaction 1/5: quiescence observation 56: stable=1/3 elapsed=800s
transaction 1/5: quiescence observation 57: stable=1/3 elapsed=821s
transaction 1/5: quiescence observation 58: stable=1/3 elapsed=834s
transaction 1/5: quiescence observation 59: stable=1/3 elapsed=853s
transaction 1/5: quiescence observation 60: stable=1/3 elapsed=868s
transaction 1/5: quiescence observation 61: stable=1/3 elapsed=882s
transaction 1/5: quiescence observation 62: stable=2/3 elapsed=895s
transaction 1/5: quiescence observation 63: stable=1/3 elapsed=913s
transaction 1/5: quiescence observation 64: stable=1/3 elapsed=926s
transaction 1/5: quiescence observation 65: stable=1/3 elapsed=938s
transaction 1/5: quiescence observation 66: stable=1/3 elapsed=951s
transaction 1/5: quiescence observation 67: stable=1/3 elapsed=963s
transaction 1/5: quiescence observation 68: stable=1/3 elapsed=978s
transaction 1/5: quiescence observation 69: stable=1/3 elapsed=992s
transaction 1/5: quiescence observation 70: stable=1/3 elapsed=1005s
transaction 1/5: quiescence observation 71: stable=1/3 elapsed=1020s
transaction 1/5: quiescence observation 72: stable=1/3 elapsed=1033s
transaction 1/5: quiescence observation 73: stable=2/3 elapsed=1055s
transaction 1/5: quiescence observation 74: stable=3/3 elapsed=1070s
transaction 1/5: quiescence observation 75: stable=1/3 elapsed=1107s
transaction 1/5: quiescence observation 76: stable=2/3 elapsed=1121s
transaction 1/5: quiescence observation 77: stable=1/3 elapsed=1137s
transaction 1/5: quiescence observation 78: stable=1/3 elapsed=1152s
transaction 1/5: quiescence observation 79: stable=2/3 elapsed=1168s
transaction 1/5: quiescence observation 80: stable=3/3 elapsed=1182s
transaction 1/5: quiescence observation 81: stable=1/3 elapsed=1215s
transaction 1/5: quiescence observation 82: stable=1/3 elapsed=1230s
transaction 1/5: quiescence observation 83: stable=2/3 elapsed=1248s
transaction 1/5: quiescence observation 84: stable=1/3 elapsed=1264s
transaction 1/5: quiescence observation 85: stable=1/3 elapsed=1278s
transaction 1/5: quiescence observation 86: stable=1/3 elapsed=1292s
transaction 1/5: quiescence observation 87: stable=1/3 elapsed=1307s
transaction 1/5: quiescence observation 88: stable=1/3 elapsed=1320s
transaction 1/5: quiescence observation 89: stable=1/3 elapsed=1336s
transaction 1/5: quiescence observation 90: stable=1/3 elapsed=1354s
transaction 1/5: quiescence observation 91: stable=1/3 elapsed=1367s
transaction 1/5: quiescence observation 92: stable=1/3 elapsed=1384s
transaction 1/5: quiescence observation 93: stable=1/3 elapsed=1396s
transaction 1/5: quiescence observation 94: stable=2/3 elapsed=1409s
transaction 1/5: quiescence observation 95: stable=3/3 elapsed=1422s
transaction 1/5: quiescence observation 96: stable=1/3 elapsed=1452s
transaction 1/5: quiescence observation 97: stable=1/3 elapsed=1463s
transaction 1/5: quiescence observation 98: stable=1/3 elapsed=1476s
transaction 1/5: quiescence observation 99: stable=2/3 elapsed=1490s
transaction 1/5: quiescence observation 100: stable=1/3 elapsed=1505s
transaction 1/5: quiescence observation 101: stable=1/3 elapsed=1518s
transaction 1/5: quiescence observation 102: stable=2/3 elapsed=1531s
transaction 1/5: quiescence observation 103: stable=1/3 elapsed=1544s
transaction 1/5: quiescence observation 104: stable=2/3 elapsed=1558s
transaction 1/5: quiescence observation 105: stable=1/3 elapsed=1570s
transaction 1/5: quiescence observation 106: stable=1/3 elapsed=1582s
transaction 1/5: quiescence observation 107: stable=2/3 elapsed=1594s
transaction 1/5: quiescence observation 108: stable=3/3 elapsed=1606s
transaction 1/5: quiescence observation 109: stable=1/3 elapsed=1635s
transaction 1/5: quiescence observation 110: stable=2/3 elapsed=1650s
transaction 1/5: quiescence observation 111: stable=3/3 elapsed=1665s
transaction 1/5: quiescence observation 112: stable=1/3 elapsed=1699s
transaction 1/5: quiescence observation 113: stable=2/3 elapsed=1713s
transaction 1/5: quiescence observation 114: stable=3/3 elapsed=1726s
transaction 1/5: quiescence observation 115: stable=1/3 elapsed=1765s
transaction 1/5: quiescence observation 116: stable=1/3 elapsed=1779s
transaction 1/5: quiescence observation 117: stable=1/3 elapsed=1795s
transaction 1/5: quiescence observation 118: stable=1/3 elapsed=1810s
transaction 1/5: quiescence observation 119: stable=1/3 elapsed=1828s
transaction 1/5: quiescence observation 120: stable=1/3 elapsed=1843s
transaction 1/5: quiescence observation 121: stable=1/3 elapsed=1856s
transaction 1/5: quiescence observation 122: stable=1/3 elapsed=1869s
transaction 1/5: quiescence observation 123: stable=2/3 elapsed=1880s
transaction 1/5: quiescence observation 124: stable=1/3 elapsed=1893s
transaction 1/5: quiescence observation 125: stable=1/3 elapsed=1907s
transaction 1/5: quiescence observation 126: stable=2/3 elapsed=1919s
transaction 1/5: quiescence observation 127: stable=3/3 elapsed=1930s
transaction 1/5: quiescence observation 128: stable=4/3 elapsed=1956s
transaction 1/5: retrying after capture race: repository changed while evidence was being captured: /home/dracon/Dev/dracon-strategy
transaction 2/5: quiescence observation 1: stable=1/3 elapsed=4s
transaction 2/5: quiescence observation 2: stable=2/3 elapsed=16s
transaction 2/5: quiescence observation 3: stable=1/3 elapsed=28s
transaction 2/5: quiescence observation 4: stable=2/3 elapsed=42s
transaction 2/5: quiescence observation 5: stable=1/3 elapsed=55s
transaction 2/5: quiescence observation 6: stable=1/3 elapsed=72s
transaction 2/5: quiescence observation 7: stable=1/3 elapsed=86s
transaction 2/5: quiescence observation 8: stable=2/3 elapsed=100s
transaction 2/5: quiescence observation 9: stable=3/3 elapsed=113s
transaction 2/5: quiescence observation 10: stable=1/3 elapsed=152s
transaction 2/5: quiescence observation 11: stable=1/3 elapsed=165s
transaction 2/5: quiescence observation 12: stable=1/3 elapsed=179s
transaction 2/5: quiescence observation 13: stable=1/3 elapsed=198s
transaction 2/5: quiescence observation 14: stable=1/3 elapsed=219s
transaction 2/5: quiescence observation 15: stable=2/3 elapsed=236s
transaction 2/5: quiescence observation 16: stable=3/3 elapsed=250s
transaction 2/5: quiescence observation 17: stable=1/3 elapsed=288s
transaction 2/5: quiescence observation 18: stable=1/3 elapsed=301s
transaction 2/5: quiescence observation 19: stable=1/3 elapsed=316s
transaction 2/5: quiescence observation 20: stable=1/3 elapsed=331s
transaction 2/5: quiescence observation 21: stable=1/3 elapsed=346s
transaction 2/5: quiescence observation 22: stable=1/3 elapsed=362s
transaction 2/5: quiescence observation 23: stable=1/3 elapsed=375s
transaction 2/5: quiescence observation 24: stable=1/3 elapsed=387s
transaction 2/5: quiescence observation 25: stable=1/3 elapsed=401s
transaction 2/5: quiescence observation 26: stable=1/3 elapsed=414s
transaction 2/5: quiescence observation 27: stable=1/3 elapsed=428s
transaction 2/5: quiescence observation 28: stable=1/3 elapsed=442s
transaction 2/5: quiescence observation 29: stable=1/3 elapsed=455s
transaction 2/5: quiescence observation 30: stable=1/3 elapsed=470s
transaction 2/5: quiescence observation 31: stable=1/3 elapsed=487s
transaction 2/5: quiescence observation 32: stable=1/3 elapsed=505s
transaction 2/5: quiescence observation 33: stable=2/3 elapsed=520s
transaction 2/5: quiescence observation 34: stable=3/3 elapsed=534s
transaction 2/5: quiescence observation 35: stable=1/3 elapsed=561s
transaction 2/5: quiescence observation 36: stable=1/3 elapsed=572s
transaction 2/5: quiescence observation 37: stable=2/3 elapsed=584s
transaction 2/5: quiescence observation 38: stable=1/3 elapsed=596s
transaction 2/5: quiescence observation 39: stable=2/3 elapsed=607s
transaction 2/5: quiescence observation 40: stable=1/3 elapsed=618s
transaction 2/5: quiescence observation 41: stable=1/3 elapsed=641s
transaction 2/5: quiescence observation 42: stable=1/3 elapsed=654s
transaction 2/5: quiescence observation 43: stable=1/3 elapsed=667s
transaction 2/5: quiescence observation 44: stable=2/3 elapsed=678s
transaction 2/5: quiescence observation 45: stable=3/3 elapsed=690s
transaction 2/5: quiescence observation 46: stable=4/3 elapsed=720s
transaction 2/5: quiescence observation 47: stable=1/3 elapsed=749s
transaction 2/5: quiescence observation 48: stable=2/3 elapsed=761s
transaction 2/5: quiescence observation 49: stable=3/3 elapsed=777s
transaction 2/5: quiescence observation 50: stable=4/3 elapsed=806s
transaction 2/5: retrying after capture race: repositories changed before evidence transaction completed: /home/dracon/.dracon, /home/dracon/Dev/dracon-platform/web/games/wip/darklord, /home/dracon/Dev/dracon-strategy
transaction 3/5: quiescence observation 1: stable=1/3 elapsed=1s
transaction 3/5: quiescence observation 2: stable=2/3 elapsed=13s
transaction 3/5: quiescence observation 3: stable=3/3 elapsed=30s
transaction 3/5: quiescence observation 4: stable=4/3 elapsed=57s
transaction 3/5: retrying after capture race: repository changed while evidence was being captured: /home/dracon/Dev/dracon-platform/web/games/wip/darklord
transaction 4/5: quiescence observation 1: stable=1/3 elapsed=4s
transaction 4/5: quiescence observation 2: stable=2/3 elapsed=19s
transaction 4/5: quiescence observation 3: stable=3/3 elapsed=32s
transaction 4/5: quiescence observation 4: stable=4/3 elapsed=57s
transaction 4/5: retrying after capture race: repository changed while evidence was being captured: /home/dracon/Dev/dracon-strategy
transaction 5/5: quiescence observation 1: stable=1/3 elapsed=1s
transaction 5/5: quiescence observation 2: stable=2/3 elapsed=13s
transaction 5/5: quiescence observation 3: stable=3/3 elapsed=26s
transaction 5/5: quiescence observation 4: stable=4/3 elapsed=58s
transaction 5/5: retrying after capture race: repository changed while evidence was being captured: /home/dracon/Dev/dracon-platform
FAIL: immutable evidence transaction did not complete after 5 attempts: repository changed while evidence was being captured: /home/dracon/Dev/dracon-platform
