quiescence observation 1: stable=1/3 elapsed=5s
quiescence observation 2: stable=1/3 elapsed=21s
quiescence observation 3: stable=1/3 elapsed=38s
quiescence observation 4: stable=2/3 elapsed=58s
quiescence observation 5: stable=1/3 elapsed=73s
quiescence observation 6: stable=1/3 elapsed=90s
quiescence observation 7: stable=2/3 elapsed=107s
quiescence observation 8: stable=1/3 elapsed=124s
quiescence observation 9: stable=1/3 elapsed=141s
quiescence observation 10: stable=1/3 elapsed=157s
quiescence observation 11: stable=1/3 elapsed=173s
quiescence observation 12: stable=1/3 elapsed=190s
quiescence observation 13: stable=1/3 elapsed=207s
quiescence observation 14: stable=1/3 elapsed=224s
quiescence observation 15: stable=1/3 elapsed=242s
quiescence observation 16: stable=1/3 elapsed=259s
quiescence observation 17: stable=1/3 elapsed=274s
quiescence observation 18: stable=1/3 elapsed=290s
quiescence observation 19: stable=1/3 elapsed=307s
quiescence observation 20: stable=1/3 elapsed=322s
quiescence observation 21: stable=1/3 elapsed=340s
quiescence observation 22: stable=1/3 elapsed=357s
quiescence observation 23: stable=1/3 elapsed=373s
quiescence observation 24: stable=1/3 elapsed=389s
quiescence observation 25: stable=1/3 elapsed=408s
quiescence observation 26: stable=1/3 elapsed=424s
quiescence observation 27: stable=1/3 elapsed=439s
quiescence observation 28: stable=1/3 elapsed=456s
quiescence observation 29: stable=1/3 elapsed=480s
quiescence observation 30: stable=1/3 elapsed=498s
quiescence observation 31: stable=1/3 elapsed=519s
quiescence observation 32: stable=1/3 elapsed=538s
quiescence observation 33: stable=1/3 elapsed=559s
quiescence observation 34: stable=1/3 elapsed=575s
quiescence observation 35: stable=2/3 elapsed=592s
quiescence observation 36: stable=1/3 elapsed=608s
quiescence observation 37: stable=1/3 elapsed=625s
quiescence observation 38: stable=1/3 elapsed=643s
quiescence observation 39: stable=1/3 elapsed=660s
quiescence observation 40: stable=1/3 elapsed=676s
quiescence observation 41: stable=1/3 elapsed=692s
quiescence observation 42: stable=2/3 elapsed=709s
quiescence observation 43: stable=1/3 elapsed=727s
quiescence observation 44: stable=1/3 elapsed=743s
quiescence observation 45: stable=1/3 elapsed=759s
quiescence observation 46: stable=2/3 elapsed=779s
quiescence observation 47: stable=1/3 elapsed=795s
quiescence observation 48: stable=1/3 elapsed=809s
quiescence observation 49: stable=1/3 elapsed=823s
quiescence observation 50: stable=1/3 elapsed=838s
quiescence observation 51: stable=1/3 elapsed=851s
quiescence observation 52: stable=1/3 elapsed=866s
quiescence observation 53: stable=1/3 elapsed=880s
quiescence observation 54: stable=1/3 elapsed=896s
quiescence observation 55: stable=1/3 elapsed=912s
quiescence observation 56: stable=1/3 elapsed=925s
quiescence observation 57: stable=1/3 elapsed=941s
quiescence observation 58: stable=1/3 elapsed=958s
quiescence observation 59: stable=1/3 elapsed=975s
quiescence observation 60: stable=2/3 elapsed=990s
quiescence observation 61: stable=1/3 elapsed=1003s
quiescence observation 62: stable=2/3 elapsed=1018s
quiescence observation 63: stable=1/3 elapsed=1033s
quiescence observation 64: stable=1/3 elapsed=1046s
quiescence observation 65: stable=1/3 elapsed=1059s
quiescence observation 66: stable=1/3 elapsed=1074s
quiescence observation 67: stable=2/3 elapsed=1088s
quiescence observation 68: stable=1/3 elapsed=1106s
quiescence observation 69: stable=1/3 elapsed=1124s
quiescence observation 70: stable=2/3 elapsed=1140s
quiescence observation 71: stable=1/3 elapsed=1155s
quiescence observation 72: stable=2/3 elapsed=1168s
quiescence observation 73: stable=1/3 elapsed=1181s
quiescence observation 74: stable=1/3 elapsed=1197s
quiescence observation 75: stable=1/3 elapsed=1211s
quiescence observation 76: stable=1/3 elapsed=1226s
quiescence observation 77: stable=1/3 elapsed=1241s
quiescence observation 78: stable=1/3 elapsed=1257s
quiescence observation 79: stable=1/3 elapsed=1272s
quiescence observation 80: stable=1/3 elapsed=1285s
quiescence observation 81: stable=1/3 elapsed=1298s
quiescence observation 82: stable=1/3 elapsed=1314s
quiescence observation 83: stable=1/3 elapsed=1327s
quiescence observation 84: stable=1/3 elapsed=1341s
quiescence observation 85: stable=1/3 elapsed=1356s
quiescence observation 86: stable=1/3 elapsed=1371s
quiescence observation 87: stable=1/3 elapsed=1388s
quiescence observation 88: stable=1/3 elapsed=1407s
quiescence observation 89: stable=1/3 elapsed=1423s
quiescence observation 90: stable=1/3 elapsed=1440s
quiescence observation 91: stable=1/3 elapsed=1457s
quiescence observation 92: stable=1/3 elapsed=1473s
quiescence observation 93: stable=1/3 elapsed=1491s
quiescence observation 94: stable=1/3 elapsed=1507s
quiescence observation 95: stable=2/3 elapsed=1521s
quiescence observation 96: stable=1/3 elapsed=1536s
quiescence observation 97: stable=1/3 elapsed=1549s
quiescence observation 98: stable=1/3 elapsed=1562s
quiescence observation 99: stable=1/3 elapsed=1575s
quiescence observation 100: stable=1/3 elapsed=1588s
quiescence observation 101: stable=1/3 elapsed=1600s
quiescence observation 102: stable=1/3 elapsed=1612s
quiescence observation 103: stable=1/3 elapsed=1625s
quiescence observation 104: stable=1/3 elapsed=1638s
quiescence observation 105: stable=2/3 elapsed=1651s
quiescence observation 106: stable=3/3 elapsed=1664s
Traceback (most recent call last):
  File "/home/dracon/Dev/dracon-utilities/scripts/capture-sync-convergence.py", line 116, in <module>
    raise SystemExit(main())
                     ~~~~^^
  File "/home/dracon/Dev/dracon-utilities/scripts/capture-sync-convergence.py", line 65, in main
    quiescence = wait_for_quiescence(
        discovered,
    ...<6 lines>...
        progress=lambda message: print(message, file=sys.stderr, flush=True),
    )
  File "/home/dracon/Dev/dracon-utilities/scripts/sync_convergence.py", line 1002, in wait_for_quiescence
    digest, details = boundary_content_digest(repo, policy)
                      ~~~~~~~~~~~~~~~~~~~~~~~^^^^^^^^^^^^^^
  File "/home/dracon/Dev/dracon-utilities/scripts/sync_convergence.py", line 833, in boundary_content_digest
    added_lines = added_line_numbers(
        repo,
    ...<2 lines>...
        tracked_paths=tracked_paths,
    )
  File "/home/dracon/Dev/dracon-utilities/scripts/sync_convergence.py", line 700, in added_line_numbers
    baseline_result = run_command(
        ["git", "-C", repo, "show", f"{head}:{relative}"],
        timeout=180,
    )
  File "/home/dracon/Dev/dracon-utilities/scripts/sync_convergence.py", line 132, in run_command
    proc = subprocess.run(
        rendered,
    ...<5 lines>...
        check=False,
    )
  File "/nix/store/vm6nxpp97fxgczw00bwkxdqdm2an3n95-python3-3.13.12/lib/python3.13/subprocess.py", line 556, in run
    stdout, stderr = process.communicate(input, timeout=timeout)
                     ~~~~~~~~~~~~~~~~~~~^^^^^^^^^^^^^^^^^^^^^^^^
  File "/nix/store/vm6nxpp97fxgczw00bwkxdqdm2an3n95-python3-3.13.12/lib/python3.13/subprocess.py", line 1222, in communicate
    stdout, stderr = self._communicate(input, endtime, timeout)
                     ~~~~~~~~~~~~~~~~~^^^^^^^^^^^^^^^^^^^^^^^^^
  File "/nix/store/vm6nxpp97fxgczw00bwkxdqdm2an3n95-python3-3.13.12/lib/python3.13/subprocess.py", line 2195, in _communicate
    stdout = self._translate_newlines(stdout,
                                      self.stdout.encoding,
                                      self.stdout.errors)
  File "/nix/store/vm6nxpp97fxgczw00bwkxdqdm2an3n95-python3-3.13.12/lib/python3.13/subprocess.py", line 1099, in _translate_newlines
    data = data.decode(encoding, errors)
UnicodeDecodeError: 'utf-8' codec can't decode byte 0x89 in position 0: invalid start byte
