transaction 1/100: quiescence observation 1: stable=1/3 elapsed=4s
transaction 1/100: quiescence observation 2: stable=2/3 elapsed=17s
transaction 1/100: quiescence observation 3: stable=3/3 elapsed=31s
transaction 1/100: quiescence observation 4: stable=4/3 elapsed=64s
transaction 1/100: retrying after capture race: repository changed while evidence was being captured: /home/dracon/Dev/dracon-strategy
transaction 2/100: quiescence observation 1: stable=1/3 elapsed=2s
transaction 2/100: quiescence observation 2: stable=2/3 elapsed=13s
transaction 2/100: quiescence observation 3: stable=3/3 elapsed=25s
transaction 2/100: quiescence observation 4: stable=4/3 elapsed=47s
transaction 2/100: retrying after capture race: repositories changed before evidence transaction completed: /home/dracon/.dracon, /home/dracon/Dev/dracon-platform/web/games/wip/darklord
transaction 3/100: quiescence observation 1: stable=1/3 elapsed=1s
transaction 3/100: quiescence observation 2: stable=2/3 elapsed=12s
transaction 3/100: quiescence observation 3: stable=3/3 elapsed=24s
transaction 3/100: quiescence observation 4: stable=4/3 elapsed=44s
transaction 3/100: quiescence observation 5: stable=1/3 elapsed=71s
transaction 3/100: quiescence observation 6: stable=2/3 elapsed=84s
transaction 3/100: quiescence observation 7: stable=3/3 elapsed=97s
transaction 3/100: quiescence observation 8: stable=1/3 elapsed=121s
transaction 3/100: quiescence observation 9: stable=2/3 elapsed=132s
transaction 3/100: quiescence observation 10: stable=3/3 elapsed=145s
transaction 3/100: quiescence observation 11: stable=4/3 elapsed=168s
transaction 3/100: retrying after capture race: repositories changed before evidence transaction completed: /home/dracon/.dracon, /home/dracon/Dev/dracon-platform/web/games/wip/darklord
transaction 4/100: quiescence observation 1: stable=1/3 elapsed=1s
transaction 4/100: quiescence observation 2: stable=2/3 elapsed=14s
transaction 4/100: quiescence observation 3: stable=3/3 elapsed=27s
transaction 4/100: quiescence observation 4: stable=4/3 elapsed=51s
transaction 4/100: quiescence observation 5: stable=1/3 elapsed=76s
transaction 4/100: quiescence observation 6: stable=1/3 elapsed=88s
transaction 4/100: quiescence observation 7: stable=2/3 elapsed=100s
transaction 4/100: quiescence observation 8: stable=3/3 elapsed=112s
transaction 4/100: quiescence observation 9: stable=1/3 elapsed=141s
transaction 4/100: quiescence observation 10: stable=1/3 elapsed=154s
transaction 4/100: quiescence observation 11: stable=1/3 elapsed=165s
transaction 4/100: quiescence observation 12: stable=1/3 elapsed=177s
transaction 4/100: quiescence observation 13: stable=1/3 elapsed=190s
transaction 4/100: quiescence observation 14: stable=1/3 elapsed=202s
transaction 4/100: quiescence observation 15: stable=1/3 elapsed=213s
transaction 4/100: quiescence observation 16: stable=1/3 elapsed=229s
transaction 4/100: quiescence observation 17: stable=2/3 elapsed=246s
transaction 4/100: quiescence observation 18: stable=1/3 elapsed=260s
transaction 4/100: quiescence observation 19: stable=1/3 elapsed=272s
transaction 4/100: quiescence observation 20: stable=2/3 elapsed=285s
transaction 4/100: quiescence observation 21: stable=1/3 elapsed=299s
transaction 4/100: quiescence observation 22: stable=1/3 elapsed=311s
transaction 4/100: quiescence observation 23: stable=1/3 elapsed=322s
transaction 4/100: quiescence observation 24: stable=1/3 elapsed=335s
transaction 4/100: quiescence observation 25: stable=2/3 elapsed=347s
transaction 4/100: quiescence observation 26: stable=1/3 elapsed=358s
transaction 4/100: quiescence observation 27: stable=1/3 elapsed=369s
transaction 4/100: quiescence observation 28: stable=2/3 elapsed=383s
transaction 4/100: quiescence observation 29: stable=3/3 elapsed=395s
transaction 4/100: quiescence observation 30: stable=4/3 elapsed=422s
transaction 4/100: retrying after capture race: repository changed while evidence was being captured: /home/dracon/Dev/dracon-platform
transaction 5/100: quiescence observation 1: stable=1/3 elapsed=7s
transaction 5/100: quiescence observation 2: stable=2/3 elapsed=20s
transaction 5/100: quiescence observation 3: stable=3/3 elapsed=34s
transaction 5/100: quiescence observation 4: stable=4/3 elapsed=67s
transaction 5/100: quiescence observation 5: stable=1/3 elapsed=101s
transaction 5/100: quiescence observation 6: stable=2/3 elapsed=116s
transaction 5/100: quiescence observation 7: stable=1/3 elapsed=129s
transaction 5/100: quiescence observation 8: stable=1/3 elapsed=143s
transaction 5/100: quiescence observation 9: stable=1/3 elapsed=157s
transaction 5/100: quiescence observation 10: stable=2/3 elapsed=173s
transaction 5/100: quiescence observation 11: stable=3/3 elapsed=189s
transaction 5/100: quiescence observation 12: stable=1/3 elapsed=222s
transaction 5/100: quiescence observation 13: stable=2/3 elapsed=239s
transaction 5/100: quiescence observation 14: stable=3/3 elapsed=255s
transaction 5/100: quiescence observation 15: stable=1/3 elapsed=289s
transaction 5/100: quiescence observation 16: stable=1/3 elapsed=303s
transaction 5/100: quiescence observation 17: stable=1/3 elapsed=327s
transaction 5/100: quiescence observation 18: stable=2/3 elapsed=340s
transaction 5/100: quiescence observation 19: stable=1/3 elapsed=354s
transaction 5/100: quiescence observation 20: stable=1/3 elapsed=367s
transaction 5/100: quiescence observation 21: stable=2/3 elapsed=378s
transaction 5/100: quiescence observation 22: stable=1/3 elapsed=389s
transaction 5/100: quiescence observation 23: stable=1/3 elapsed=401s
transaction 5/100: quiescence observation 24: stable=1/3 elapsed=415s
transaction 5/100: quiescence observation 25: stable=1/3 elapsed=427s
transaction 5/100: quiescence observation 26: stable=1/3 elapsed=440s
transaction 5/100: quiescence observation 27: stable=1/3 elapsed=451s
transaction 5/100: quiescence observation 28: stable=2/3 elapsed=463s
transaction 5/100: quiescence observation 29: stable=3/3 elapsed=474s
transaction 5/100: quiescence observation 30: stable=4/3 elapsed=501s
transaction 5/100: retrying after capture race: repository changed while evidence was being captured: /home/dracon/Dev/dracon-platform/web/games/wip/polis
transaction 6/100: quiescence observation 1: stable=1/3 elapsed=2s
transaction 6/100: quiescence observation 2: stable=1/3 elapsed=13s
transaction 6/100: quiescence observation 3: stable=1/3 elapsed=25s
transaction 6/100: quiescence observation 4: stable=2/3 elapsed=36s
transaction 6/100: quiescence observation 5: stable=1/3 elapsed=48s
transaction 6/100: quiescence observation 6: stable=2/3 elapsed=60s
transaction 6/100: quiescence observation 7: stable=3/3 elapsed=72s
transaction 6/100: quiescence observation 8: stable=4/3 elapsed=99s
transaction 6/100: quiescence observation 9: stable=1/3 elapsed=124s
transaction 6/100: quiescence observation 10: stable=2/3 elapsed=136s
transaction 6/100: quiescence observation 11: stable=1/3 elapsed=147s
transaction 6/100: quiescence observation 12: stable=1/3 elapsed=159s
transaction 6/100: quiescence observation 13: stable=2/3 elapsed=172s
transaction 6/100: quiescence observation 14: stable=3/3 elapsed=186s
transaction 6/100: quiescence observation 15: stable=4/3 elapsed=215s
transaction 6/100: quiescence observation 16: stable=1/3 elapsed=238s
transaction 6/100: quiescence observation 17: stable=2/3 elapsed=251s
transaction 6/100: quiescence observation 18: stable=3/3 elapsed=264s
transaction 6/100: quiescence observation 19: stable=4/3 elapsed=297s
transaction 6/100: retrying after capture race: repository changed while evidence was being captured: /home/dracon/.dracon
transaction 7/100: quiescence observation 1: stable=1/3 elapsed=2s
transaction 7/100: quiescence observation 2: stable=2/3 elapsed=16s
transaction 7/100: quiescence observation 3: stable=1/3 elapsed=27s
transaction 7/100: quiescence observation 4: stable=2/3 elapsed=39s
transaction 7/100: quiescence observation 5: stable=1/3 elapsed=50s
transaction 7/100: quiescence observation 6: stable=1/3 elapsed=63s
transaction 7/100: quiescence observation 7: stable=1/3 elapsed=75s
transaction 7/100: quiescence observation 8: stable=2/3 elapsed=87s
transaction 7/100: quiescence observation 9: stable=3/3 elapsed=99s
transaction 7/100: quiescence observation 10: stable=1/3 elapsed=121s
transaction 7/100: quiescence observation 11: stable=2/3 elapsed=132s
transaction 7/100: quiescence observation 12: stable=3/3 elapsed=145s
transaction 7/100: quiescence observation 13: stable=1/3 elapsed=168s
transaction 7/100: quiescence observation 14: stable=1/3 elapsed=180s
transaction 7/100: quiescence observation 15: stable=1/3 elapsed=192s
transaction 7/100: quiescence observation 16: stable=2/3 elapsed=203s
transaction 7/100: quiescence observation 17: stable=3/3 elapsed=214s
transaction 7/100: quiescence observation 18: stable=1/3 elapsed=234s
transaction 7/100: quiescence observation 19: stable=2/3 elapsed=245s
transaction 7/100: quiescence observation 20: stable=1/3 elapsed=257s
transaction 7/100: quiescence observation 21: stable=1/3 elapsed=269s
transaction 7/100: quiescence observation 22: stable=1/3 elapsed=280s
transaction 7/100: quiescence observation 23: stable=2/3 elapsed=291s
transaction 7/100: quiescence observation 24: stable=1/3 elapsed=302s
transaction 7/100: quiescence observation 25: stable=2/3 elapsed=313s
transaction 7/100: quiescence observation 26: stable=1/3 elapsed=325s
transaction 7/100: quiescence observation 27: stable=2/3 elapsed=336s
transaction 7/100: quiescence observation 28: stable=3/3 elapsed=347s
transaction 7/100: quiescence observation 29: stable=1/3 elapsed=366s
transaction 7/100: quiescence observation 30: stable=1/3 elapsed=377s
transaction 7/100: quiescence observation 31: stable=1/3 elapsed=388s
transaction 7/100: quiescence observation 32: stable=1/3 elapsed=399s
transaction 7/100: quiescence observation 33: stable=1/3 elapsed=410s
transaction 7/100: quiescence observation 34: stable=1/3 elapsed=421s
transaction 7/100: quiescence observation 35: stable=1/3 elapsed=433s
transaction 7/100: quiescence observation 36: stable=1/3 elapsed=445s
transaction 7/100: quiescence observation 37: stable=1/3 elapsed=457s
transaction 7/100: quiescence observation 38: stable=2/3 elapsed=469s
transaction 7/100: quiescence observation 39: stable=3/3 elapsed=480s
transaction 7/100: quiescence observation 40: stable=1/3 elapsed=500s
transaction 7/100: quiescence observation 41: stable=2/3 elapsed=512s
transaction 7/100: quiescence observation 42: stable=1/3 elapsed=524s
transaction 7/100: quiescence observation 43: stable=2/3 elapsed=537s
transaction 7/100: quiescence observation 44: stable=3/3 elapsed=549s
transaction 7/100: quiescence observation 45: stable=4/3 elapsed=571s
transaction 7/100: retrying after capture race: repository changed while evidence was being captured: /home/dracon/Dev/dracon-platform/web/games/wip/polis
transaction 8/100: quiescence observation 1: stable=1/3 elapsed=2s
transaction 8/100: quiescence observation 2: stable=2/3 elapsed=13s
transaction 8/100: quiescence observation 3: stable=1/3 elapsed=25s
transaction 8/100: quiescence observation 4: stable=2/3 elapsed=36s
transaction 8/100: quiescence observation 5: stable=3/3 elapsed=47s
transaction 8/100: quiescence observation 6: stable=1/3 elapsed=68s
transaction 8/100: quiescence observation 7: stable=1/3 elapsed=80s
transaction 8/100: quiescence observation 8: stable=2/3 elapsed=92s
transaction 8/100: quiescence observation 9: stable=1/3 elapsed=104s
transaction 8/100: quiescence observation 10: stable=2/3 elapsed=117s
transaction 8/100: quiescence observation 11: stable=1/3 elapsed=128s
transaction 8/100: quiescence observation 12: stable=1/3 elapsed=139s
transaction 8/100: quiescence observation 13: stable=2/3 elapsed=150s
transaction 8/100: quiescence observation 14: stable=3/3 elapsed=162s
transaction 8/100: quiescence observation 15: stable=1/3 elapsed=190s
transaction 8/100: quiescence observation 16: stable=2/3 elapsed=203s
transaction 8/100: quiescence observation 17: stable=3/3 elapsed=216s
transaction 8/100: quiescence observation 18: stable=1/3 elapsed=240s
transaction 8/100: quiescence observation 19: stable=1/3 elapsed=255s
transaction 8/100: quiescence observation 20: stable=1/3 elapsed=271s
transaction 8/100: quiescence observation 21: stable=1/3 elapsed=284s
transaction 8/100: quiescence observation 22: stable=1/3 elapsed=296s
transaction 8/100: quiescence observation 23: stable=2/3 elapsed=309s
transaction 8/100: quiescence observation 24: stable=3/3 elapsed=321s
transaction 8/100: quiescence observation 25: stable=1/3 elapsed=347s
transaction 8/100: quiescence observation 26: stable=1/3 elapsed=358s
transaction 8/100: quiescence observation 27: stable=2/3 elapsed=369s
transaction 8/100: quiescence observation 28: stable=1/3 elapsed=380s
transaction 8/100: quiescence observation 29: stable=1/3 elapsed=392s
transaction 8/100: quiescence observation 30: stable=2/3 elapsed=404s
transaction 8/100: quiescence observation 31: stable=1/3 elapsed=415s
transaction 8/100: quiescence observation 32: stable=1/3 elapsed=426s
transaction 8/100: quiescence observation 33: stable=2/3 elapsed=437s
transaction 8/100: quiescence observation 34: stable=3/3 elapsed=452s
transaction 8/100: quiescence observation 35: stable=4/3 elapsed=477s
transaction 8/100: retrying after capture race: repositories changed before evidence transaction completed: /home/dracon/Dev/dracon-platform
transaction 9/100: quiescence observation 1: stable=1/3 elapsed=1s
transaction 9/100: quiescence observation 2: stable=1/3 elapsed=14s
transaction 9/100: quiescence observation 3: stable=1/3 elapsed=25s
transaction 9/100: quiescence observation 4: stable=1/3 elapsed=36s
transaction 9/100: quiescence observation 5: stable=1/3 elapsed=47s
transaction 9/100: quiescence observation 6: stable=1/3 elapsed=59s
transaction 9/100: quiescence observation 7: stable=1/3 elapsed=70s
transaction 9/100: quiescence observation 8: stable=2/3 elapsed=82s
transaction 9/100: quiescence observation 9: stable=3/3 elapsed=93s
transaction 9/100: quiescence observation 10: stable=1/3 elapsed=113s
transaction 9/100: quiescence observation 11: stable=2/3 elapsed=125s
transaction 9/100: quiescence observation 12: stable=3/3 elapsed=137s
transaction 9/100: quiescence observation 13: stable=4/3 elapsed=160s
transaction 9/100: retrying after capture race: repository changed while evidence was being captured: /home/dracon/Dev/dracon-platform
transaction 10/100: quiescence observation 1: stable=1/3 elapsed=2s
transaction 10/100: quiescence observation 2: stable=2/3 elapsed=15s
transaction 10/100: quiescence observation 3: stable=3/3 elapsed=27s
transaction 10/100: quiescence observation 4: stable=4/3 elapsed=52s
transaction 10/100: retrying after capture race: repository changed while evidence was being captured: /home/dracon/Dev/dracon-platform
transaction 11/100: quiescence observation 1: stable=1/3 elapsed=1s
transaction 11/100: quiescence observation 2: stable=2/3 elapsed=13s
transaction 11/100: quiescence observation 3: stable=1/3 elapsed=26s
transaction 11/100: quiescence observation 4: stable=1/3 elapsed=37s
transaction 11/100: quiescence observation 5: stable=1/3 elapsed=49s
transaction 11/100: quiescence observation 6: stable=2/3 elapsed=60s
transaction 11/100: quiescence observation 7: stable=1/3 elapsed=72s
transaction 11/100: quiescence observation 8: stable=2/3 elapsed=84s
transaction 11/100: quiescence observation 9: stable=3/3 elapsed=95s
transaction 11/100: quiescence observation 10: stable=1/3 elapsed=117s
transaction 11/100: quiescence observation 11: stable=1/3 elapsed=129s
transaction 11/100: quiescence observation 12: stable=2/3 elapsed=141s
transaction 11/100: quiescence observation 13: stable=3/3 elapsed=153s
transaction 11/100: quiescence observation 14: stable=4/3 elapsed=183s
transaction 11/100: quiescence observation 15: stable=1/3 elapsed=213s
transaction 11/100: quiescence observation 16: stable=1/3 elapsed=225s
transaction 11/100: quiescence observation 17: stable=1/3 elapsed=236s
transaction 11/100: quiescence observation 18: stable=1/3 elapsed=248s
transaction 11/100: quiescence observation 19: stable=2/3 elapsed=262s
transaction 11/100: quiescence observation 20: stable=1/3 elapsed=275s
transaction 11/100: quiescence observation 21: stable=1/3 elapsed=288s
transaction 11/100: quiescence observation 22: stable=1/3 elapsed=299s
transaction 11/100: quiescence observation 23: stable=2/3 elapsed=312s
transaction 11/100: quiescence observation 24: stable=3/3 elapsed=323s
transaction 11/100: quiescence observation 25: stable=1/3 elapsed=349s
transaction 11/100: quiescence observation 26: stable=1/3 elapsed=360s
transaction 11/100: quiescence observation 27: stable=1/3 elapsed=373s
transaction 11/100: quiescence observation 28: stable=1/3 elapsed=385s
transaction 11/100: quiescence observation 29: stable=2/3 elapsed=398s
transaction 11/100: quiescence observation 30: stable=1/3 elapsed=412s
transaction 11/100: quiescence observation 31: stable=1/3 elapsed=426s
transaction 11/100: quiescence observation 32: stable=1/3 elapsed=442s
transaction 11/100: quiescence observation 33: stable=1/3 elapsed=454s
transaction 11/100: quiescence observation 34: stable=2/3 elapsed=468s
transaction 11/100: quiescence observation 35: stable=3/3 elapsed=480s
transaction 11/100: quiescence observation 36: stable=1/3 elapsed=508s
transaction 11/100: quiescence observation 37: stable=1/3 elapsed=521s
transaction 11/100: quiescence observation 38: stable=1/3 elapsed=534s
transaction 11/100: quiescence observation 39: stable=2/3 elapsed=546s
transaction 11/100: quiescence observation 40: stable=1/3 elapsed=557s
transaction 11/100: quiescence observation 41: stable=1/3 elapsed=569s
transaction 11/100: quiescence observation 42: stable=1/3 elapsed=581s
transaction 11/100: quiescence observation 43: stable=2/3 elapsed=593s
transaction 11/100: quiescence observation 44: stable=3/3 elapsed=605s
transaction 11/100: quiescence observation 45: stable=1/3 elapsed=628s
transaction 11/100: quiescence observation 46: stable=1/3 elapsed=640s
transaction 11/100: quiescence observation 47: stable=1/3 elapsed=653s
transaction 11/100: quiescence observation 48: stable=2/3 elapsed=666s
transaction 11/100: quiescence observation 49: stable=1/3 elapsed=678s
transaction 11/100: quiescence observation 50: stable=2/3 elapsed=690s
transaction 11/100: quiescence observation 51: stable=3/3 elapsed=702s
transaction 11/100: quiescence observation 52: stable=4/3 elapsed=725s
transaction 11/100: retrying after capture race: repository changed while evidence was being captured: /home/dracon/Dev/dracon-platform/web/games/released/come-get-me
transaction 12/100: quiescence observation 1: stable=1/3 elapsed=2s
transaction 12/100: quiescence observation 2: stable=1/3 elapsed=13s
transaction 12/100: quiescence observation 3: stable=2/3 elapsed=25s
transaction 12/100: quiescence observation 4: stable=3/3 elapsed=36s
transaction 12/100: quiescence observation 5: stable=1/3 elapsed=56s
transaction 12/100: quiescence observation 6: stable=1/3 elapsed=67s
transaction 12/100: quiescence observation 7: stable=1/3 elapsed=78s
transaction 12/100: quiescence observation 8: stable=2/3 elapsed=89s
transaction 12/100: quiescence observation 9: stable=3/3 elapsed=100s
transaction 12/100: quiescence observation 10: stable=1/3 elapsed=122s
transaction 12/100: quiescence observation 11: stable=2/3 elapsed=133s
transaction 12/100: quiescence observation 12: stable=3/3 elapsed=145s
transaction 12/100: quiescence observation 13: stable=1/3 elapsed=164s
transaction 12/100: quiescence observation 14: stable=1/3 elapsed=176s
transaction 12/100: quiescence observation 15: stable=1/3 elapsed=188s
transaction 12/100: quiescence observation 16: stable=1/3 elapsed=199s
transaction 12/100: quiescence observation 17: stable=2/3 elapsed=210s
transaction 12/100: quiescence observation 18: stable=1/3 elapsed=221s
transaction 12/100: quiescence observation 19: stable=1/3 elapsed=232s
transaction 12/100: quiescence observation 20: stable=2/3 elapsed=243s
transaction 12/100: quiescence observation 21: stable=1/3 elapsed=255s
transaction 12/100: quiescence observation 22: stable=1/3 elapsed=266s
transaction 12/100: quiescence observation 23: stable=2/3 elapsed=277s
transaction 12/100: quiescence observation 24: stable=3/3 elapsed=291s
transaction 12/100: quiescence observation 25: stable=4/3 elapsed=318s
transaction 12/100: retrying after capture race: repository changed while evidence was being captured: /home/dracon/Dev/dracon-platform/web/games/wip/hellhunter
transaction 13/100: quiescence observation 1: stable=1/3 elapsed=3s
transaction 13/100: quiescence observation 2: stable=1/3 elapsed=16s
transaction 13/100: quiescence observation 3: stable=1/3 elapsed=32s
transaction 13/100: quiescence observation 4: stable=1/3 elapsed=48s
transaction 13/100: quiescence observation 5: stable=2/3 elapsed=61s
transaction 13/100: quiescence observation 6: stable=3/3 elapsed=73s
transaction 13/100: quiescence observation 7: stable=4/3 elapsed=98s
transaction 13/100: retrying after capture race: repository changed while evidence was being captured: /home/dracon/Dev/dracon-platform
transaction 14/100: quiescence observation 1: stable=1/3 elapsed=1s
transaction 14/100: quiescence observation 2: stable=1/3 elapsed=14s
transaction 14/100: quiescence observation 3: stable=1/3 elapsed=26s
transaction 14/100: quiescence observation 4: stable=1/3 elapsed=38s
transaction 14/100: quiescence observation 5: stable=1/3 elapsed=49s
transaction 14/100: quiescence observation 6: stable=2/3 elapsed=60s
transaction 14/100: quiescence observation 7: stable=3/3 elapsed=72s
transaction 14/100: quiescence observation 8: stable=1/3 elapsed=93s
transaction 14/100: quiescence observation 9: stable=1/3 elapsed=105s
transaction 14/100: quiescence observation 10: stable=1/3 elapsed=119s
transaction 14/100: quiescence observation 11: stable=2/3 elapsed=133s
transaction 14/100: quiescence observation 12: stable=1/3 elapsed=146s
transaction 14/100: quiescence observation 13: stable=2/3 elapsed=160s
transaction 14/100: quiescence observation 14: stable=3/3 elapsed=172s
transaction 14/100: quiescence observation 15: stable=1/3 elapsed=198s
transaction 14/100: quiescence observation 16: stable=1/3 elapsed=212s
transaction 14/100: quiescence observation 17: stable=2/3 elapsed=223s
transaction 14/100: quiescence observation 18: stable=1/3 elapsed=235s
transaction 14/100: quiescence observation 19: stable=1/3 elapsed=246s
transaction 14/100: quiescence observation 20: stable=2/3 elapsed=258s
transaction 14/100: quiescence observation 21: stable=3/3 elapsed=269s
transaction 14/100: quiescence observation 22: stable=1/3 elapsed=290s
transaction 14/100: quiescence observation 23: stable=1/3 elapsed=302s
transaction 14/100: quiescence observation 24: stable=1/3 elapsed=313s
transaction 14/100: quiescence observation 25: stable=2/3 elapsed=324s
transaction 14/100: quiescence observation 26: stable=1/3 elapsed=338s
transaction 14/100: quiescence observation 27: stable=2/3 elapsed=350s
transaction 14/100: quiescence observation 28: stable=3/3 elapsed=361s
transaction 14/100: quiescence observation 29: stable=4/3 elapsed=384s
transaction 14/100: retrying after capture race: repositories changed before evidence transaction completed: /home/dracon/Dev/dracon-platform
transaction 15/100: quiescence observation 1: stable=1/3 elapsed=1s
transaction 15/100: quiescence observation 2: stable=2/3 elapsed=13s
transaction 15/100: quiescence observation 3: stable=1/3 elapsed=25s
transaction 15/100: quiescence observation 4: stable=2/3 elapsed=37s
transaction 15/100: quiescence observation 5: stable=3/3 elapsed=49s
transaction 15/100: quiescence observation 6: stable=4/3 elapsed=71s
transaction 15/100: retrying after capture race: repository changed while evidence was being captured: /home/dracon/Dev/dracon-strategy
transaction 16/100: quiescence observation 1: stable=1/3 elapsed=1s
transaction 16/100: quiescence observation 2: stable=2/3 elapsed=12s
transaction 16/100: quiescence observation 3: stable=3/3 elapsed=23s
transaction 16/100: quiescence observation 4: stable=1/3 elapsed=49s
transaction 16/100: quiescence observation 5: stable=2/3 elapsed=64s
transaction 16/100: quiescence observation 6: stable=1/3 elapsed=78s
transaction 16/100: quiescence observation 7: stable=1/3 elapsed=93s
transaction 16/100: quiescence observation 8: stable=2/3 elapsed=106s
transaction 16/100: quiescence observation 9: stable=3/3 elapsed=119s
transaction 16/100: quiescence observation 10: stable=1/3 elapsed=150s
transaction 16/100: quiescence observation 11: stable=2/3 elapsed=162s
transaction 16/100: quiescence observation 12: stable=1/3 elapsed=175s
transaction 16/100: quiescence observation 13: stable=2/3 elapsed=188s
transaction 16/100: quiescence observation 14: stable=3/3 elapsed=201s
transaction 16/100: quiescence observation 15: stable=1/3 elapsed=233s
transaction 16/100: quiescence observation 16: stable=2/3 elapsed=246s
transaction 16/100: quiescence observation 17: stable=1/3 elapsed=259s
transaction 16/100: quiescence observation 18: stable=1/3 elapsed=271s
transaction 16/100: quiescence observation 19: stable=1/3 elapsed=285s
transaction 16/100: quiescence observation 20: stable=1/3 elapsed=298s
transaction 16/100: quiescence observation 21: stable=2/3 elapsed=310s
transaction 16/100: quiescence observation 22: stable=3/3 elapsed=325s
transaction 16/100: quiescence observation 23: stable=1/3 elapsed=360s
transaction 16/100: quiescence observation 24: stable=1/3 elapsed=375s
FAIL: freeze marker disappeared before snapshot: /home/dracon/.dracon/dracon-sync.freeze
